// Jest Snapshot v1, https://goo.gl/fbAQLP

exports[`should display a list of items 1`] = `
<div>
  <img
    alt="Logo: Welcome to Your Smart Shopping List"
    class="logo"
    src="logogreyS.png"
  />
  <div
    class="outer-box"
  >
    <div
      class="inner-box"
    >
      <form>
        <label
          class="bg-gray-800 pr-2 pl-2 absolute left-1/2  -mt-4 text-xs uppercase tracking-wider transform -translate-x-1/2 text-white/80"
          for="filter-items"
        >
          Filter Items
        </label>
        <input
          autocomplete="off"
          class="btn-primary text-white/80  ml-4 text-2xl w-[55%] p-1.5 mt-[12%]"
          id="filter-items"
          name="filter-items"
          type="text"
          value=""
        />
        <label
          class="btn-primary text-white/60 float-right -mb-3 text-1xl w-[12%] m-auto mr-5 mt-[12%] "
          for="btn"
        >
          clear
        </label>
        <button
          class="invisible"
          id="btn"
          type="button"
        />
      </form>
      <ul
        class="list-none p-0 "
      >
        <div
          style="position: relative;"
        >
          <li
            aria-label="limes is inactive"
            class="inactive"
          >
             
            <input
              aria-label="purchase item"
              type="checkbox"
            />
             
            limes
            <button
              aria-label="delete limes"
              class="btn-delete  "
              type="button"
            />
          </li>
          <li
            aria-label="Need to buy cereal kind of soon"
            class="kindofsoon"
          >
             
            <input
              aria-label="purchase item"
              type="checkbox"
            />
             
            cereal
            <button
              aria-label="delete cereal"
              class="btn-delete  "
              type="button"
            />
          </li>
        </div>
      </ul>
      <nav>
        <a
          class="btn-nav btn-about"
          href="/about"
        >
          how 
          <br />
          to use
        </a>
        <button
          class="  btn-nav btn-token"
        >
          Share 
          <br />
          Token
        </button>
        <a
          class="btn-secondary btn-primary item-list"
          href="/add-item"
        >
          Add Item
        </a>
      </nav>
    </div>
  </div>
</div>
`;
